Hotkeys: Initializing.
Hotkeys: Parsing C64 hotkeys file:
Hotkeys: OK.
ffmpeg avformat lib has version 3a4c64, VICE expects 3a4c64: full match
ffmpeg  avcodec lib has version 3a8664, VICE expects 3a8664: full match
ffmpeg   avutil lib has version 384664, VICE expects 384664: full match
ffmpeg  swscale lib has version 050964, VICE expects 050964: full match
ffmpeg swresample lib has version 030964, VICE expects 030964: full match
Detecting ISA HardSID boards.
Could not open '/dev/port'.
Cannot get permission to access $300.
Detecting PCI HardSID boards.
No PCI HardSID boards found.
Detecting PCI CatWeasel boards.
No PCI CatWeasel found.
Detecting direct I/O ISA SSI2001.
Could not open '/dev/port'.
Cannot get permission to access $280.
Hotkeys: parsing '/home/honza/.config/vice/gtk3-hotkeys-C64SC.vhk':
Initializing chip model "MOS8565" (63 cycles per line, 312 raster lines).
VSP Bug: safe channels are: 13567. Emulation of memory corruption is disabled.
512KiB unit installed.
512KiB unit installed.
Reading REU image build/assets.reu.
 
*** VICE Version 3.6.1 ***
 
Welcome to x64sc, the free portable C64 Emulator.
 
Current VICE team members:
Martin Pottendorfer, Marco van den Heuvel, Fabrizio Gennari, Groepaz, 
Errol Smith, Ingo Korb, Olaf Seibert, Marcus Sutton, Kajtar Zsolt, AreaScout, 
Bas Wassink, Michael C. Martin, Christopher Phillips, David Hogan, 
Empathic Qubit, Roberto Muscedere, June Tate-Gans, Pablo Roldan.
 
This is free software with ABSOLUTELY NO WARRANTY.
See the "About VICE" command for more info.
 
random seed was: 0x6a7de016
command line was: x64sc -default +confirmonexit -autostartprgmode 1 +sound -reu -reusize 512 +reuimagerw -reuimage build/assets.reu -warp -binarymonitor -binarymonitoraddress ip4://127.0.0.1:6620 -autostart build/doom.prg
Loading system file `/home/honza/.local/share/vice/C64/kernal'.
Loading system file `/home/honza/.local/share/vice/C64/basic'.
Loading system file `/home/honza/.local/share/vice/C64/chargen'.
MPS-803: Error - Could not load MPS-803 charset 'mps803'.
Palette: Loading palette `/usr/share/vice/PRINTER/mps803.vpl'.
NL10: Error - Could not load NL-10 ROM file 'nl10-cbm'.
Palette: Loading palette `/usr/share/vice/PRINTER/1520.vpl'.
DriveROM: Error - 1540 ROM image not found. Hardware-level 1540 emulation is not available.
DriveROM: Error - 1541 ROM image not found. Hardware-level 1541 emulation is not available.
Loading system file `/home/honza/.local/share/vice/DRIVES/d1541II'.
DriveROM: Error - 1570 ROM image not found. Hardware-level 1570 emulation is not available.
DriveROM: Error - 1571 ROM image not found. Hardware-level 1571 emulation is not available.
DriveROM: Error - 1581 ROM image not found. Hardware-level 1581 emulation is not available.
DriveROM: Error - 2000 ROM image not found. Hardware-level 2000 emulation is not available.
DriveROM: Error - 4000 ROM image not found. Hardware-level 4000 emulation is not available.
DriveROM: Error - CMDHD ROM image not found. Hardware-level CMDHD emulation is not available.
DriveROM: Error - 2031 ROM image not found. Hardware-level 2031 emulation is not available.
DriveROM: Error - 2040 ROM image not found. Hardware-level 2040 emulation is not available.
DriveROM: Error - 3040 ROM image not found. Hardware-level 3040 emulation is not available.
DriveROM: Error - 4040 ROM image not found. Hardware-level 4040 emulation is not available.
DriveROM: Error - 1001/8050/8250 ROM image not found. Hardware-level 1001/8050/8250 emulation is not available.
DriveROM: Error - D9090/9060 ROM image not found. Hardware-level D9090/9060 emulation is not available.
Drive: Finished loading ROM images.
VIC-II: Initializing chip model "MOS8565" (63 cycles per line, 312 raster lines).
using GTK3 backend: OpenGL
GLX version: 1.4
Getting matching framebuffer configs
Found 40 matching FB configs.
Obtained OpenGL 4.6 context
	  Vendor: AMD
	Renderer: RENOIR (renoir, LLVM 15.0.7, DRM 3.57, 6.8.0-136-generic)
	 Version: 4.6 (Core Profile) Mesa 23.2.1-1ubuntu3.1~22.04.4
	  Legacy: no
Direct GLX rendering context obtained
Swap control support. glXSwapIntervalMESA: 1 glXSwapIntervalEXT: 1 glXSwapIntervalSGI: 1
Loading vertex shader: /usr/share/vice/GLSL/viewport.vert
Loading fragment shader: /usr/share/vice/GLSL/builtin.frag
Loading vertex shader: /usr/share/vice/GLSL/viewport.vert
Loading fragment shader: /usr/share/vice/GLSL/builtin-interlaced.frag
Loading vertex shader: /usr/share/vice/GLSL/viewport.vert
Loading fragment shader: /usr/share/vice/GLSL/bicubic.frag
Loading vertex shader: /usr/share/vice/GLSL/viewport.vert
Loading fragment shader: /usr/share/vice/GLSL/bicubic-interlaced.frag
Created render thread 0
Render thread initialised
opening dynamic library libmp3lame.so failed!
ERROR setting up dynamic lame lib!
Sound: Available sound devices: pulse alsa dummy fs dump wav voc iff aiff mp3 soundmovie
Joystick: Linux joystick interface initialization...
Joystick: /dev/input/js0 is Keychron Keychron K10 HE
Joystick: Built in driver version: 2.1.0
Joystick: Kernel driver version  : 2.1.0
registered controller 'Keychron Keychron K10 HE' with 6 axes, 0 hats, 16 buttons
Joystick: /dev/input/js1 is Keychron  Keychron Link 
Joystick: Built in driver version: 2.1.0
Joystick: Kernel driver version  : 2.1.0
registered controller 'Keychron  Keychron Link ' with 6 axes, 0 hats, 16 buttons
Joystick: Warning - Cannot open joystick device `/dev/input/js2'.
Joystick: Warning - Cannot open joystick device `/dev/input/js3'.
Joystick: Warning - Cannot open joystick device `/dev/input/js4'.
Joystick: Warning - Cannot open joystick device `/dev/input/js5'.
Joystick: Warning - Cannot open joystick device `/dev/input/js6'.
Joystick: Warning - Cannot open joystick device `/dev/input/js7'.
Keyboard: Loading keymap `/usr/share/vice/C64/gtk3_sym.vkm'.
AUTOSTART: Autodetecting image type of `build/doom.prg'.
Filesystem Image Probe: Error - Import GCR: Unknown GCR image version 48.
Filesystem Image: Unknown disk image `build/doom.prg'.
Tape: Error - Cannot open file `build/doom.prg'
Error - CRT header invalid.
CART: '/home/honza/projects/c64/projects/doom/build/doom.prg' is not a valid CRT file.
AUTOSTART: Loading PRG file `build/doom.prg' with direct RAM injection.
AUTOSTART: Resetting the machine to autostart '*'
VIC-II: VSP Bug: safe channels are: 035. Emulation of memory corruption is disabled.
AUTOSTART: `build/doom.prg' recognized as program/p00 file.
Main CPU: starting at ($FFFC).
Main CPU: RESET.
Sync reset
Unit 8: RESET.
AUTOSTART: Injecting program data at $0801 (size $c7fd)
AUTOSTART: Ready
AUTOSTART: Starting program.
AUTOSTART: Restoring FileSystemDevice8 to 1.
AUTOSTART: Restoring FSDevice8ConvertP00 to 1.
AUTOSTART: Restoring FSDeviceLongNames to 0.
AUTOSTART: Done.
Increasing trap_func array size to 1 with 1 to run
monitor_binary_receive(): vice_network_receive() returned -1, breaking connection
Sync reset
